[blog.bizvibe.com/blog/top-10-largest-aerospace-companies.html]
[www.google-analytics.com/analytics.js]
[backblue.gif]
[fade.gif]
[index.html]
[blog.bizvibe.com/wp-includes/css/dist/block-library/style.mind9cd.css]
[blog.bizvibe.com/wp-content/themes/saasland/assets/vendors/font-awesome/css/alld9cd.css]
[blog.bizvibe.com/wp-content/plugins/document-emberdder/dist/publicef6d.css]
[blog.bizvibe.com/wp-content/themes/saasland/assets/css/bootstrap.mind9cd.css]
[blog.bizvibe.com/wp-content/themes/saasland/assets/vendors/themify-icon/themify-iconsd9cd.css]
[blog.bizvibe.com/wp-content/themes/saasland/assets/vendors/animation/animated9cd.css]
[blog.bizvibe.com/wp-content/themes/saasland/assets/css/saasland-animationsd9cd.css]
[blog.bizvibe.com/wp-content/themes/saasland/assets/vendors/magnify-pop/magnific-popupd9cd.css]
[blog.bizvibe.com/wp-content/themes/saasland/assets/vendors/elagent/styled9cd.css]
[blog.bizvibe.com/wp-content/themes/saasland/assets/css/wpd-styled9cd.css]
[blog.bizvibe.com/wp-content/themes/saasland/assets/css/styled9cd.css]
[blog.bizvibe.com/wp-content/themes/saasland/assets/css/blogd9cd.css]
[blog.bizvibe.com/wp-content/themes/saasland/assets/css/footerd9cd.css]
[blog.bizvibe.com/wp-content/themes/saasland/assets/css/saasland-gutenbergd9cd.css]
[blog.bizvibe.com/wp-content/themes/saasland/styled9cd.css]
[blog.bizvibe.com/wp-content/themes/saasland/assets/css/responsived9cd.css]
[blog.bizvibe.com/wp-content/themes/saasland/assets/css/responsive-2d9cd.css]
[blog.bizvibe.com/wp-content/themes/saasland/assets/vendors/nice-select/nice-selectd9cd.css]
[blog.bizvibe.com/wp-content/themes/saasland/assets/vendors/scroll/jquery.mCustomScrollbar.mind9cd.css]
[blog.bizvibe.com/wp-content/plugins/elementor/assets/lib/eicons/css/elementor-icons.mine900.css]
[blog.bizvibe.com/wp-content/plugins/elementor/assets/css/frontend-legacy.min10cb.css]
[blog.bizvibe.com/wp-content/plugins/elementor/assets/css/frontend.min10cb.css]
[blog.bizvibe.com/wp-content/uploads/elementor/css/post-10800fee2.css]
[blog.bizvibe.com/wp-content/plugins/saasland-core/assets/vendors/simple-line-icon/simple-line-iconsd9cd.css]
[blog.bizvibe.com/wp-content/plugins/saasland-core/assets/vendors/slick/slick-themed9cd.css]
[blog.bizvibe.com/wp-content/plugins/saasland-core/assets/vendors/themify-icon/themify-iconsd9cd.css]
[blog.bizvibe.com/wp-content/plugins/saasland-core/assets/vendors/flaticon/flaticond9cd.css]
[blog.bizvibe.com/wp-content/plugins/elementor/assets/lib/font-awesome/css/all.min10cb.css]
[blog.bizvibe.com/wp-content/plugins/elementor/assets/lib/font-awesome/css/v4-shims.min10cb.css]
[blog.bizvibe.com/wp-content/uploads/elementor/css/post-113083e52.css]
[blog.bizvibe.com/wp-includes/js/jquery/jquery.minaf6c.js]
[blog.bizvibe.com/wp-includes/js/jquery/jquery-migrate.mind617.js]
[blog.bizvibe.com/wp-content/plugins/document-emberdder/dist/publicef6d.js]
[blog.bizvibe.com/wp-content/plugins/wp-google-analytics-events/js/main5152.js]
[blog.bizvibe.com/wp-content/plugins/wpo365-login/apps/dist/pintra-redirect440e.js]
[blog.bizvibe.com/wp-content/plugins/elementor/assets/lib/font-awesome/js/v4-shims.min10cb.js]
[blog.bizvibe.com/wp-content/uploads/2020/06/LogoBizVibe_web_white.png]
[blog.bizvibe.com/wp-content/uploads/2019/11/Bizvibe_Sticky_Logo.png]
[blog.bizvibe.com/wp-content/uploads/2020/06/largest-aerospace-companies.jpg]
[blog.bizvibe.com/blog/technology/10-best-b2b-martech-tools.html]
[blog.bizvibe.com/wp-content/uploads/2019/03/IR22.jpg]
[blog.bizvibe.com/wp-content/uploads/2019/03/IR16.jpg]
[blog.bizvibe.com/blog/healthcare-and-fitness/calorie-counts-menus-healthy-decision.html]
[blog.bizvibe.com/blog/top-5g-companies.html]
[blog.bizvibe.com/wp-content/uploads/2020/07/top-5g-companies-to-invest-in-240x250.jpg]
[blog.bizvibe.com/wp-content/uploads/2022/10/supplier-risk-assessment-85x70.jpg]
[blog.bizvibe.com/wp-content/uploads/2022/10/how-to-find-competitors-of-a-company-85x70.jpg]
[blog.bizvibe.com/blog/business/supplier-risk-assessment.html]
[blog.bizvibe.com/blog/product/find-competitors-company.html]
[blog.bizvibe.com/wp-content/uploads/2022/10/rfi-template-85x70.jpg]
[blog.bizvibe.com/blog/business/rfi-template.html]
[blog.bizvibe.com/wp-content/uploads/2022/10/best-sales-prospecting-tools-85x70.jpg]
[blog.bizvibe.com/blog/business/best-sales-prospecting-tools.html]
[blog.bizvibe.com/wp-content/uploads/2022/10/global-supply-chain-issues-85x70.jpg]
[blog.bizvibe.com/blog/uncategorized/global-supply-chain-issues.html]
[www.bizvibe.com/wp-content/uploads/2019/11/Bizvibe_Logo-New.png]
[js.hs-scripts.com/5493706.js]
[blog.bizvibe.com/wp-content/plugins/elementor/assets/lib/animations/animations.min10cb.css]
[blog.bizvibe.com/wp-content/plugins/saasland-core/assets/vendors/wow/wow.minc358.js]
[blog.bizvibe.com/wp-content/plugins/saasland-core/assets/js/appart-custom8a54.js]
[blog.bizvibe.com/wp-content/plugins/saasland-core/assets/js/main5152.js]
[blog.bizvibe.com/wp-content/themes/saasland/assets/js/propper5152.js]
[blog.bizvibe.com/wp-content/themes/saasland/assets/js/bootstrap.min8aee.js]
[blog.bizvibe.com/wp-content/plugins/saasland-core/assets/vendors/sckroller/jquery.parallax-scroll5152.js]
[blog.bizvibe.com/wp-content/themes/saasland/assets/vendors/magnify-pop/jquery.magnific-popup.minf488.js]
[blog.bizvibe.com/wp-content/themes/saasland/assets/vendors/nice-select/jquery.nice-select.min5152.js]
[blog.bizvibe.com/wp-content/themes/saasland/assets/vendors/scroll/jquery.mCustomScrollbar.concat.mina9d5.js]
[blog.bizvibe.com/wp-content/themes/saasland/assets/js/custom-wp5152.js]
[blog.bizvibe.com/wp-content/plugins/wp-smushit/app/assets/js/smush-lazy-load.min0fca.js]
[blog.bizvibe.com/wp-content/plugins/elementor/assets/js/webpack.runtime.min10cb.js]
[blog.bizvibe.com/wp-content/plugins/elementor/assets/js/frontend-modules.min10cb.js]
[blog.bizvibe.com/wp-content/plugins/elementor/assets/lib/waypoints/waypoints.min05da.js]
[blog.bizvibe.com/wp-includes/js/jquery/ui/core.min0028.js]
[blog.bizvibe.com/wp-content/plugins/elementor/assets/lib/swiper/swiper.min48f5.js]
[blog.bizvibe.com/wp-content/plugins/elementor/assets/lib/share-link/share-link.min10cb.js]
[blog.bizvibe.com/wp-content/plugins/elementor/assets/lib/dialog/dialog.mind227.js]
[blog.bizvibe.com/wp-content/plugins/elementor/assets/js/frontend.min10cb.js]
[blog.bizvibe.com/blog/top-10-largest-aerospace-companies.html]
[blog.bizvibe.com/wp-includes/css/dist/block-library/style.mind9cd.css]
[blog.bizvibe.com/wp-content/themes/saasland/assets/vendors/font-awesome/css/alld9cd.css]
[blog.bizvibe.com/wp-content/plugins/document-emberdder/dist/publicef6d.css]
[blog.bizvibe.com/wp-content/themes/saasland/assets/css/bootstrap.mind9cd.css]
[blog.bizvibe.com/wp-content/plugins/elementor/assets/js/preloaded-modules.min10cb.js]
[blog.bizvibe.com/wp-content/themes/saasland/assets/vendors/themify-icon/fonts/themifyd41d.woff]
[blog.bizvibe.com/wp-content/themes/saasland/assets/vendors/themify-icon/fonts/themifyd41d.ttf]
[blog.bizvibe.com/wp-content/themes/saasland/assets/vendors/themify-icon/themify-iconsd9cd.css]
[blog.bizvibe.com/wp-content/themes/saasland/assets/vendors/animation/animated9cd.css]
[blog.bizvibe.com/wp-content/themes/saasland/assets/css/saasland-animationsd9cd.css]
[blog.bizvibe.com/wp-content/themes/saasland/assets/vendors/magnify-pop/magnific-popupd9cd.css]
[blog.bizvibe.com/wp-content/themes/saasland/assets/vendors/elagent/fonts/ElegantIcons.eot]
[blog.bizvibe.com/wp-content/themes/saasland/assets/vendors/elagent/fonts/ElegantIconsd41d.eot]
[blog.bizvibe.com/wp-content/themes/saasland/assets/vendors/elagent/fonts/ElegantIcons.woff]
[blog.bizvibe.com/wp-content/themes/saasland/assets/vendors/elagent/fonts/ElegantIcons.ttf]
[blog.bizvibe.com/wp-content/themes/saasland/assets/vendors/elagent/styled9cd.css]
[blog.bizvibe.com/wp-content/themes/saasland/assets/css/wpd-styled9cd.css]
[blog.bizvibe.com/wp-content/themes/saasland/assets/css/styled9cd.css]
[blog.bizvibe.com/wp-content/themes/saasland/assets/css/blogd9cd.css]
[blog.bizvibe.com/wp-content/themes/saasland/assets/vendors/elagent/fonts/ElegantIcons.svg]
[blog.bizvibe.com/wp-content/themes/saasland/assets/img/seo/footer_bg.png]
[blog.bizvibe.com/wp-content/themes/saasland/assets/img/seo/car.png]
[blog.bizvibe.com/wp-content/themes/saasland/assets/img/seo/bike.png]
[blog.bizvibe.com/wp-content/themes/saasland/assets/css/footerd9cd.css]
[blog.bizvibe.com/wp-content/themes/saasland/assets/css/saasland-gutenbergd9cd.css]
[blog.bizvibe.com/wp-content/themes/saasland/styled9cd.css]
[blog.bizvibe.com/wp-content/themes/saasland/assets/css/responsived9cd.css]
[blog.bizvibe.com/wp-content/themes/saasland/assets/css/responsive-2d9cd.css]
[blog.bizvibe.com/wp-content/themes/saasland/assets/vendors/nice-select/nice-selectd9cd.css]
[blog.bizvibe.com/wp-content/themes/saasland/assets/vendors/scroll/jquery.mCustomScrollbar.mind9cd.css]
[blog.bizvibe.com/wp-content/plugins/elementor/assets/lib/eicons/css/elementor-icons.mine900.css]
[blog.bizvibe.com/wp-content/plugins/elementor/assets/css/frontend-legacy.min10cb.css]
[blog.bizvibe.com/wp-content/plugins/elementor/assets/css/frontend.min10cb.css]
[blog.bizvibe.com/wp-content/uploads/elementor/css/post-10800fee2.css]
[blog.bizvibe.com/wp-content/plugins/saasland-core/assets/vendors/simple-line-icon/fonts/Simple-Line-Icons.eot]
[blog.bizvibe.com/wp-content/plugins/saasland-core/assets/vendors/simple-line-icon/fonts/Simple-Line-Iconsd41d.eot]
[blog.bizvibe.com/wp-content/plugins/saasland-core/assets/vendors/simple-line-icon/fonts/Simple-Line-Icons.woff]
[blog.bizvibe.com/wp-content/plugins/saasland-core/assets/vendors/simple-line-icon/fonts/Simple-Line-Icons.ttf]
[blog.bizvibe.com/wp-content/plugins/saasland-core/assets/vendors/simple-line-icon/simple-line-iconsd9cd.css]
[blog.bizvibe.com/wp-content/plugins/saasland-core/assets/vendors/simple-line-icon/fonts/Simple-Line-Icons.svg]
[blog.bizvibe.com/wp-content/plugins/saasland-core/assets/vendors/slick/ajax-loader.gif]
[blog.bizvibe.com/wp-content/plugins/saasland-core/assets/vendors/slick/fonts/slick.eot]
[blog.bizvibe.com/wp-content/plugins/saasland-core/assets/vendors/slick/fonts/slickd41d.eot]
[blog.bizvibe.com/wp-content/plugins/saasland-core/assets/vendors/slick/fonts/slick.woff]
[blog.bizvibe.com/wp-content/plugins/saasland-core/assets/vendors/slick/fonts/slick.ttf]
[blog.bizvibe.com/wp-content/plugins/saasland-core/assets/vendors/slick/fonts/slick.svg]
[blog.bizvibe.com/wp-content/plugins/saasland-core/assets/vendors/slick/slick-themed9cd.css]
[blog.bizvibe.com/wp-content/plugins/saasland-core/assets/vendors/themify-icon/fonts/themify9f24.eot]
[blog.bizvibe.com/wp-content/plugins/saasland-core/assets/vendors/themify-icon/fonts/themifyd41d.eot]
[blog.bizvibe.com/wp-content/plugins/saasland-core/assets/vendors/themify-icon/fonts/themify9f24.woff]
[blog.bizvibe.com/wp-content/plugins/saasland-core/assets/vendors/themify-icon/fonts/themify9f24.ttf]
[blog.bizvibe.com/wp-content/plugins/saasland-core/assets/vendors/themify-icon/themify-iconsd9cd.css]
[blog.bizvibe.com/wp-content/plugins/saasland-core/assets/vendors/themify-icon/fonts/themify9f24.svg]
[blog.bizvibe.com/wp-content/plugins/saasland-core/assets/vendors/flaticon/Flaticon.woff]
[blog.bizvibe.com/wp-content/plugins/saasland-core/assets/vendors/flaticon/Flaticon.ttf]
[blog.bizvibe.com/wp-content/plugins/saasland-core/assets/vendors/flaticon/flaticond9cd.css]
[blog.bizvibe.com/wp-content/plugins/elementor/assets/lib/font-awesome/css/all.min10cb.css]
[blog.bizvibe.com/wp-content/plugins/elementor/assets/lib/font-awesome/css/v4-shims.min10cb.css]
[blog.bizvibe.com/wp-content/uploads/elementor/css/post-113083e52.css]
[blog.bizvibe.com/blog/technology/10-best-b2b-martech-tools/feed]
[blog.bizvibe.com/blog/automotives/top-10-manufacturing-companies-in-usa.html]
[blog.bizvibe.com/wp-content/uploads/2019/03/IR28.jpg]
[blog.bizvibe.com/blog/5-helpful-degrees-accounting-career.html]
[blog.bizvibe.com/wp-content/uploads/2019/03/3.jpg]
[blog.bizvibe.com/blog/it-solutions-outsourcing/generative-design-future-of-manufacturing.html]
[blog.bizvibe.com/wp-content/uploads/2019/03/IR36.jpg]
[blog.bizvibe.com/blog/technology/10-best-b2b-martech-tools.html]
[blog.bizvibe.com/blog/healthcare-and-fitness/calorie-counts-menus-healthy-decision/feed]
[blog.bizvibe.com/blog/bitcoin-atm-business-may-perfect.html]
[blog.bizvibe.com/wp-content/uploads/2019/03/IR20.jpg]
[blog.bizvibe.com/blog/healthcare-and-fitness/link-colon-cancer-exercise-study.html]
[blog.bizvibe.com/wp-content/uploads/2019/03/iStock-862596162.jpg]
[blog.bizvibe.com/blog/healthcare-and-fitness/worldwide-surgical-equipment-market-growth.html]
[blog.bizvibe.com/wp-content/uploads/2019/03/IR23.jpg]
[blog.bizvibe.com/blog/healthcare-and-fitness/calorie-counts-menus-healthy-decision.html]
[blog.bizvibe.com/wp-content/uploads/elementor/css/post-11615af05.css]
[blog.bizvibe.com/wp-content/uploads/2020/07/top-5g-companies-to-invest-in.jpg]
[blog.bizvibe.com/blog/retail-trade-industry.html]
[blog.bizvibe.com/wp-content/uploads/2020/04/retail-trade-industry-240x250.jpg]
[blog.bizvibe.com/blog/food-beverages/uk-chocolate-industry-challenges.html]
[blog.bizvibe.com/wp-content/uploads/2019/03/IR25.jpg]
[blog.bizvibe.com/blog/sports-betting-companies.html]
[blog.bizvibe.com/wp-content/uploads/2020/08/sports-betting-companies-240x250.jpg]
[blog.bizvibe.com/blog/top-5g-companies.html]
[blog.bizvibe.com/wp-content/uploads/elementor/css/post-139879e17.css]
[blog.bizvibe.com/wp-content/uploads/2022/10/supplier-risk-assessment.jpg]
[blog.bizvibe.com/blog/wholesale-trade.html]
[blog.bizvibe.com/wp-content/uploads/2020/04/wholesale-trade-industry-trends-240x250.jpg]
[blog.bizvibe.com/blog/5-ways-run-e-commerce-store-without-inventory.html]
[blog.bizvibe.com/wp-content/uploads/2019/03/IR6.jpg]
[blog.bizvibe.com/blog/largest-manufacturing-companies.html]
[blog.bizvibe.com/wp-content/uploads/2020/03/largest-manufacturing-companies-240x250.jpg]
[blog.bizvibe.com/blog/business/supplier-risk-assessment.html]
[blog.bizvibe.com/wp-content/uploads/elementor/css/post-1397869b6.css]
[blog.bizvibe.com/wp-content/uploads/2022/10/how-to-find-competitors-of-a-company.jpg]
[blog.bizvibe.com/blog/sales-acceleration-tools-improves-b2b-sales.html]
[blog.bizvibe.com/wp-content/uploads/2020/01/sales-acceleration-tools-240x250.jpg]
[blog.bizvibe.com/blog/product/upgrades-to-filters-and-onboarding.html]
[blog.bizvibe.com/wp-content/uploads/2018/08/BizVibe-Blog-image-1.jpg]
[blog.bizvibe.com/blog/how-to-find-suppliers-for-your-business.html]
[blog.bizvibe.com/wp-content/uploads/2020/01/how-to-find-suppliers-240x250.jpg]
[blog.bizvibe.com/blog/product/find-competitors-company.html]
[blog.bizvibe.com/wp-content/uploads/elementor/css/post-13962c57d.css]
[blog.bizvibe.com/wp-content/plugins/elementor/assets/lib/font-awesome/css/fontawesome.min52d5.css]
[blog.bizvibe.com/wp-content/plugins/elementor/assets/lib/font-awesome/css/solid.min52d5.css]
[blog.bizvibe.com/wp-content/uploads/2022/10/rfi-template.jpg]
[blog.bizvibe.com/wp-content/uploads/2022/10/best-sales-prospecting-tools-240x250.jpg]
[blog.bizvibe.com/blog/textiles-and-garments/prestressed-concrete-cylinder-pipe-pccp.html]
[blog.bizvibe.com/wp-content/uploads/2019/03/Global-Interior-Design-Software-Market_T.jpg]
[blog.bizvibe.com/blog/business/rfi-template.html]
[blog.bizvibe.com/wp-content/uploads/elementor/css/post-13952f719.css]
[blog.bizvibe.com/wp-content/uploads/2022/10/best-sales-prospecting-tools.jpg]
[blog.bizvibe.com/blog/business/top-competitive-intelligence-tools.html]
[blog.bizvibe.com/wp-content/uploads/2022/06/competitive-intelligence-tools-240x250.jpg]
[blog.bizvibe.com/blog/top-10-coconut-water-brands.html]
[blog.bizvibe.com/blog/flocculants-coagulants-water-filtration.html]
[blog.bizvibe.com/wp-content/uploads/2019/03/IR32.jpg]
[blog.bizvibe.com/blog/business/best-sales-prospecting-tools.html]
[blog.bizvibe.com/wp-content/uploads/elementor/css/post-13944e6b2.css]
[blog.bizvibe.com/wp-content/uploads/2022/10/global-supply-chain-issues.jpg]
[blog.bizvibe.com/blog/top-shipbuilding-companies-world.html]
[blog.bizvibe.com/wp-content/uploads/2020/09/top-shipbuilding-companies-in-the-world-240x250.jpg]
[blog.bizvibe.com/blog/uncategorized/secrets-effective-supplier-relationship.html]
[blog.bizvibe.com/wp-content/uploads/2019/03/Global-Digital-Storytelling-Courses-Market_T.jpg]
[blog.bizvibe.com/blog/uncategorized/global-supply-chain-issues.html]
[blog.bizvibe.com/wp-content/plugins/elementor/assets/lib/animations/animations.min10cb.css]
[blog.bizvibe.com/wp-content/themes/saasland/assets/vendors/themify-icon/fonts/themifyd41d.html]
[blog.bizvibe.com/wp-content/themes/saasland/assets/vendors/themify-icon/fonts/themify9f24.html]
[blog.bizvibe.com/wp-content/themes/saasland/assets/vendors/elagent/fonts/ElegantIcons.svg]
[blog.bizvibe.com/wp-content/themes/saasland/assets/vendors/scroll/mCSB_buttons.html]
[blog.bizvibe.com/wp-content/plugins/saasland-core/assets/vendors/simple-line-icon/fonts/Simple-Line-Icons.svg]
[blog.bizvibe.com/wp-content/plugins/saasland-core/assets/vendors/slick/fonts/slick.svg]
[blog.bizvibe.com/wp-content/plugins/saasland-core/assets/vendors/themify-icon/fonts/themify9f24.svg]
[blog.bizvibe.com/wp-content/plugins/saasland-core/assets/vendors/flaticon/Flaticon.html]
[blog.bizvibe.com/wp-content/plugins/saasland-core/assets/vendors/flaticon/Flaticond41d.html]
[blog.bizvibe.com/wp-content/plugins/saasland-core/assets/vendors/flaticon/Flaticon-2.html]
[blog.bizvibe.com/blog/how-to-building-a-martech-stack/index.html]
[blog.bizvibe.com/blog/technology/how-to-building-a-martech-stack.html]
[blog.bizvibe.com/blog/important-martech-statistics/index.html]
[blog.bizvibe.com/blog/technology/important-martech-statistics.html]
[blog.bizvibe.com/blog/martech-vs-adtech/index.html]
[blog.bizvibe.com/blog/technology/martech-vs-adtech.html]
[blog.bizvibe.com/blog/introduction-to-martech-2018/index.html]
[blog.bizvibe.com/blog/technology/introduction-to-martech-2018.html]
[blog.bizvibe.com/blog/top-10-industrial-automation-companies-in-india/index.html]
[blog.bizvibe.com/blog/technology/top-10-industrial-automation-companies-in-india.html]
[blog.bizvibe.com/blog/automotives/top-10-manufacturing-companies-in-usa/feed]
[blog.bizvibe.com/blog/automobiles/uk-automotive-production-achieves-new-high.html]
[blog.bizvibe.com/wp-content/uploads/2019/03/ir11.jpg]
[blog.bizvibe.com/blog/largest-ecommerce-companies.html]
[blog.bizvibe.com/wp-content/uploads/2020/06/largest-ecommerce-companies-240x250.jpg]
[blog.bizvibe.com/blog/automotives/all-the-key-facts-you-need-to-know-about-uks-manufacturing-sector.html]
[blog.bizvibe.com/wp-content/uploads/2019/03/ir9.jpg]
[blog.bizvibe.com/blog/automotives/top-10-manufacturing-companies-in-usa.html]
[blog.bizvibe.com/blog/5-helpful-degrees-accounting-career/feed]
[blog.bizvibe.com/blog/food-beverages/italian-wine-production-exports-2017.html]
[blog.bizvibe.com/blog/textiles-and-garments/flagging-global-wool-market-shows-signs-growth.html]
[blog.bizvibe.com/wp-content/uploads/2019/03/Capture1.jpg]
[blog.bizvibe.com/blog/5-helpful-degrees-accounting-career.html]
[blog.bizvibe.com/blog/it-solutions-outsourcing/generative-design-future-of-manufacturing/feed]
[blog.bizvibe.com/blog/technology/top-10-software-companies-in-india.html]
[blog.bizvibe.com/blog/keeping-automated-systems-secure-industry.html]
[blog.bizvibe.com/blog/it-solutions-outsourcing/top-10-it-companies-in-the-world.html]
[blog.bizvibe.com/wp-content/uploads/2020/07/top-10-IT-companies-240x250.jpg]
[blog.bizvibe.com/blog/it-solutions-outsourcing/generative-design-future-of-manufacturing.html]
[blog.bizvibe.com/blog/bitcoin-atm-business-may-perfect/feed]
[blog.bizvibe.com/wp-content/uploads/2019/03/IR7.jpg]
[blog.bizvibe.com/blog/textiles-and-garments/ethiopia-attracts-new-investments-chinese-textile-companies.html]
[blog.bizvibe.com/blog/fashionaccessories-footwear-supplies/nike-become-newest-amazon-partner.html]
[blog.bizvibe.com/wp-content/uploads/2019/03/Global-Design-Agencies-Category_T.jpg]
[blog.bizvibe.com/blog/bitcoin-atm-business-may-perfect.html]
[blog.bizvibe.com/blog/textiles-and-garments/shedding-light-integration-fashion-technology.html]
[blog.bizvibe.com/blog/healthcare-and-fitness/link-colon-cancer-exercise-study/feed]
[blog.bizvibe.com/blog/healthcare-and-fitness/shingles-increase-stroke-risk.html]
[blog.bizvibe.com/wp-content/uploads/2019/03/IR3.jpg]
[blog.bizvibe.com/blog/healthcare-and-fitness/10-most-expensive-chronic-diseases.html]
[blog.bizvibe.com/blog/healthcare-and-fitness/link-colon-cancer-exercise-study.html]
[blog.bizvibe.com/blog/healthcare-and-fitness/hiv-treatment-worldwide-un.html]
[blog.bizvibe.com/blog/healthcare-and-fitness/worldwide-surgical-equipment-market-growth/feed]
[blog.bizvibe.com/blog/healthcare-and-fitness/medical-device-industry-us-remains-strong.html]
[blog.bizvibe.com/blog/top-remote-patient-monitoring-companies.html]
[blog.bizvibe.com/wp-content/uploads/2020/10/top-remote-patient-monitoring-companies-240x250.jpg]
[blog.bizvibe.com/blog/healthcare-and-fitness/worldwide-surgical-equipment-market-growth.html]
[blog.bizvibe.com/wp-content/uploads/elementor/css/post-11615af05.css]
[blog.bizvibe.com/blog/keep-business-competitive.html]
[blog.bizvibe.com/wp-content/uploads/elementor/css/post-105870ec6.css]
[blog.bizvibe.com/wp-content/uploads/2020/04/retail-trade-industry.jpg]
[blog.bizvibe.com/blog/textiles-and-garments/top-10-largest-wool-producing-countries.html]
[blog.bizvibe.com/wp-content/uploads/2020/02/top-pork-producing-countries-240x250.jpg]
[blog.bizvibe.com/blog/food-beverages/top-pork-producing-countries.html]
[blog.bizvibe.com/blog/packaging/paper-industry-indonesia-remains-strong.html]
[blog.bizvibe.com/wp-content/uploads/2019/03/IR2.jpg]
[blog.bizvibe.com/blog/retail-trade-industry.html]
[blog.bizvibe.com/blog/food-beverages/uk-chocolate-industry-challenges/feed]
[blog.bizvibe.com/blog/food-beverages/uk-food-and-beverage-industry.html]
[blog.bizvibe.com/wp-content/uploads/2019/03/IR35.jpg]
[blog.bizvibe.com/blog/food-beverages/norway-fishing-industry-largest-exporter.html]
[blog.bizvibe.com/blog/food-beverages/sugar-confectionery-industry-germany.html]
[blog.bizvibe.com/wp-content/uploads/2019/03/IR37.jpg]
[blog.bizvibe.com/blog/food-beverages/uk-chocolate-industry-challenges.html]
[blog.bizvibe.com/wp-content/uploads/elementor/css/post-1167240cf.css]
[blog.bizvibe.com/wp-content/uploads/2020/08/sports-betting-companies.jpg]
[blog.bizvibe.com/wp-content/uploads/2020/08/Top-10-Largest-Sports-Betting-Companies-in-the-World-by-Revenue-2020.png]
[blog.bizvibe.com/blog/business-financial-legal-services/risk-management-solution-companies.html]
[blog.bizvibe.com/wp-content/uploads/2022/06/risk-management-solution-companies-240x250.jpg]
[blog.bizvibe.com/blog/largest-coal-mining-companies-worldwide.html]
[blog.bizvibe.com/wp-content/uploads/2020/03/largest-coal-mining-companies-240x250.jpg]
[blog.bizvibe.com/blog/textiles-and-garments/innovative-designs-new-technology-taking-camouflage-next-level.html]
[blog.bizvibe.com/wp-content/uploads/2019/03/IR26.jpg]
[blog.bizvibe.com/blog/sports-betting-companies.html]
[blog.bizvibe.com/wp-content/uploads/elementor/css/post-139879e17.css]
[blog.bizvibe.com/wp-content/uploads/elementor/css/post-10578fe76.css]
[blog.bizvibe.com/wp-content/uploads/2020/04/wholesale-trade-industry-trends.jpg]
[blog.bizvibe.com/blog/top-precision-ag-companies.html]
[blog.bizvibe.com/wp-content/uploads/2020/10/top-precision-ag-companies-240x250.jpg]
[blog.bizvibe.com/blog/largest-railroad-companies.html]
[blog.bizvibe.com/wp-content/uploads/2020/08/largest-railroad-companies-240x250.jpg]
[blog.bizvibe.com/blog/wholesale-trade.html]
[blog.bizvibe.com/blog/healthcare-and-fitness/five-ways-stay-healthy-desk-job.html]
[blog.bizvibe.com/blog/5-ways-run-e-commerce-store-without-inventory/feed]
[blog.bizvibe.com/blog/textiles-and-garments/textile-labour-market-bangladesh.html]
[blog.bizvibe.com/wp-content/uploads/2019/03/ir12.jpg]
[blog.bizvibe.com/blog/electricals-and-lighting/save-money-with-chinese-ceiling-fans.html]
[blog.bizvibe.com/wp-content/uploads/2019/03/IR40.jpg]
[blog.bizvibe.com/blog/largest-bakery-companies.html]
[blog.bizvibe.com/wp-content/uploads/2020/08/Largest-Bakery-Companies-240x250.jpg]
[blog.bizvibe.com/blog/5-ways-run-e-commerce-store-without-inventory.html]
[blog.bizvibe.com/wp-content/uploads/elementor/css/post-1053551e3.css]
[blog.bizvibe.com/wp-content/uploads/2020/03/largest-manufacturing-companies.jpg]
[blog.bizvibe.com/wp-content/uploads/2020/03/Largest-Manufacturing-Companies-by-Revenue.png]
[blog.bizvibe.com/wp-content/uploads/2020/03/Global-Manufacturing-Output-by-Country.png]
[blog.bizvibe.com/blog/business-financial-legal-services/ceos-leave-trumps-manufacturing-jobs.html]
[blog.bizvibe.com/wp-content/uploads/2019/03/infiniti-research.jpg]
[blog.bizvibe.com/blog/leading-water-treatment-companies.html]
[blog.bizvibe.com/wp-content/uploads/2020/11/Leading-Water-Treatment-Companies-240x250.jpg]
[blog.bizvibe.com/blog/largest-manufacturing-companies.html]
[blog.bizvibe.com/wp-content/uploads/elementor/css/post-1397869b6.css]
[blog.bizvibe.com/blog/product/LKink/index.html]
[blog.bizvibe.com/blog/textiles-and-garments/australia-wool-production-growth-2017.html]
[blog.bizvibe.com/wp-content/uploads/elementor/css/post-9657bfc7.css]
[blog.bizvibe.com/wp-content/uploads/2020/01/sales-acceleration-tools.jpg]
[blog.bizvibe.com/wp-content/uploads/2020/09/Top-10-Motherboard-Manufacturers-240x250.jpg]
[blog.bizvibe.com/blog/top-10-motherboard-manufacturers.html]
[blog.bizvibe.com/wp-content/uploads/2020/08/Paint-and-coatings-companies-240x250.jpg]
[blog.bizvibe.com/blog/top-paint-coatings-companies.html]
[blog.bizvibe.com/blog/sales-acceleration-tools-improves-b2b-sales.html]
[blog.bizvibe.com/blog/textiles-and-garments/global-medical-textiles-market-expects-substantial-growth.html]
[blog.bizvibe.com/wp-content/uploads/elementor/css/post-134650a52.css]
[blog.bizvibe.com/blog/uncategorized/upgrades-to-filters-and-onboarding.html]
[blog.bizvibe.com/wp-content/uploads/2022/04/PS-image-1024x519.jpg]
[blog.bizvibe.com/wp-content/uploads/2022/04/Pre-Applied-Selection-1024x373.png]
[blog.bizvibe.com/wp-content/uploads/2022/04/Pre-Applied-Selection-1-1024x514.png]
[blog.bizvibe.com/wp-content/uploads/2022/04/Separate-Filter-Options-1024x375.png]
[blog.bizvibe.com/wp-content/uploads/2022/04/Regional-Filter-1024x374.png]
[blog.bizvibe.com/wp-content/uploads/2022/04/Sort-By.png]
[blog.bizvibe.com/wp-content/uploads/2022/04/Onboarding-Lets-Get-Started-1024x412.png]
[blog.bizvibe.com/wp-content/uploads/2022/04/Select-Supplier-Preferences-1024x475.png]
[blog.bizvibe.com/wp-content/uploads/2022/04/Import-CSV-1024x452.png]
[blog.bizvibe.com/wp-content/uploads/2022/04/Select-Suppliers-v2-1024x403.png]
[blog.bizvibe.com/wp-content/uploads/2022/04/Back-to-Onboarding-2-1024x492.png]
[blog.bizvibe.com/wp-content/uploads/2022/04/My-Suppliers-Default-Category-1024x504.png]
[blog.bizvibe.com/wp-content/uploads/2022/04/Multi-Select-Category.png]
[blog.bizvibe.com/blog/product/upgrades-to-filters-and-onboarding.html]
[blog.bizvibe.com/wp-content/uploads/elementor/css/post-96253c6e.css]
[blog.bizvibe.com/wp-content/uploads/2020/01/how-to-find-suppliers.jpg]
[blog.bizvibe.com/blog/healthcare-and-fitness/top-10-best-whey-protein-brands-world.html]
[blog.bizvibe.com/wp-content/uploads/2019/03/IR24.jpg]
[blog.bizvibe.com/blog/top-data-analytics-companies.html]
[blog.bizvibe.com/wp-content/uploads/2020/08/top-data-analytics-companies-240x250.jpg]
[blog.bizvibe.com/blog/how-to-find-suppliers-for-your-business.html]
[blog.bizvibe.com/wp-content/uploads/elementor/css/post-13962c57d.css]
[blog.bizvibe.com/wp-content/plugins/elementor/assets/lib/font-awesome/css/fontawesome.min52d5.css]
[blog.bizvibe.com/wp-content/plugins/elementor/assets/lib/font-awesome/css/solid.min52d5.css]
[blog.bizvibe.com/blog/textiles-and-garments/prestressed-concrete-cylinder-pipe-pccp/feed]
[blog.bizvibe.com/blog/textiles-and-garments/nigerias-textile-industry-struggles-despite-the-minimum-wage-rises.html]
[blog.bizvibe.com/wp-content/uploads/2019/03/Global-Office-Stationary-and-Supply-Market_T.jpg]
[blog.bizvibe.com/blog/agriculture/top-10-largest-rice-producing-states-india-2018.html]
[blog.bizvibe.com/blog/textiles-and-garments/prestressed-concrete-cylinder-pipe-pccp.html]
[blog.bizvibe.com/wp-content/uploads/elementor/css/post-13952f719.css]
[blog.bizvibe.com/blog/automobiles/france-ban-gas-diesel-cars-2040.html]
[blog.bizvibe.com/wp-content/uploads/elementor/css/post-138003763.css]
[blog.bizvibe.com/wp-content/uploads/2022/06/competitive-intelligence-tools.jpg]
[blog.bizvibe.com/blog/largest-private-companies-world.html]
[blog.bizvibe.com/wp-content/uploads/2020/11/largest-private-companies-in-the-world-240x250.jpg]
[blog.bizvibe.com/blog/business/top-competitive-intelligence-tools.html]
[blog.bizvibe.com/blog/top-10-coconut-water-brands/feed]
[blog.bizvibe.com/blog/electronics-and-telecom/5g-future-us.html]
[blog.bizvibe.com/wp-content/uploads/2019/03/Global-Meetings-and-Events-Market_CMST31.jpg]
[blog.bizvibe.com/blog/home-products-and-supplies/top-10-washing-machine-brands-china.html]
[blog.bizvibe.com/wp-content/uploads/2019/03/IR17.jpg]
[blog.bizvibe.com/blog/top-floriculture-companies.html]
[blog.bizvibe.com/wp-content/uploads/2020/09/Floriculture-companies-240x250.jpg]
[blog.bizvibe.com/blog/top-10-coconut-water-brands.html]
[blog.bizvibe.com/blog/flocculants-coagulants-water-filtration/feed]
[blog.bizvibe.com/blog/textiles-and-garments/online-apparel-market-grows-rapidly-threatens-traditional-retail.html]
[blog.bizvibe.com/wp-content/uploads/2019/03/IR13.jpg]
[blog.bizvibe.com/blog/fashionaccessories-footwear-supplies/top-10-leading-shoe-manufacturers-in-china.html]
[blog.bizvibe.com/blog/pharmaceuticals-and-biotechnology/top-10-oncology-drugs-companies.html]
[blog.bizvibe.com/wp-content/uploads/2019/03/IR31.jpg]
[blog.bizvibe.com/blog/flocculants-coagulants-water-filtration.html]
[blog.bizvibe.com/wp-content/uploads/elementor/css/post-13944e6b2.css]
[blog.bizvibe.com/wp-content/uploads/elementor/css/post-11881e826.css]
[blog.bizvibe.com/wp-content/uploads/2020/09/top-shipbuilding-companies-in-the-world.jpg]
[blog.bizvibe.com/blog/textiles-and-garments/investment-myanmars-garment-industry.html]
[blog.bizvibe.com/blog/top-shipbuilding-companies-world.html]
[blog.bizvibe.com/blog/textiles-and-garments/everything-you-need-to-know-about-textile-industry-in-india.html]
[blog.bizvibe.com/blog/uncategorized/secrets-effective-supplier-relationship/feed]
[blog.bizvibe.com/blog/uncategorized/textile-industry-india-expects-substantial-growth-due-government-support.html]
[blog.bizvibe.com/wp-content/uploads/2019/03/IR39.jpg]
[blog.bizvibe.com/blog/uncategorized/secrets-effective-supplier-relationship.html]
[blog.bizvibe.com/blog/uncategorized/london-new-celestial-city-video-game-developers.html]
[blog.bizvibe.com/blog/technology/how-to-building-a-martech-stack/feed]
[chiefmartec.com/wp-content/uploads/2017/05/marketing_technology_landscape_2017_slide.jpg]
[blog.bizvibe.com/blog/top-challenges-expanding-business-internationally.html]
[blog.bizvibe.com/blog/it-solutions-outsourcing/top-10-business-intelligence-software-companies-world.html]
[blog.bizvibe.com/blog/technology/how-to-building-a-martech-stack.html]
[blog.bizvibe.com/blog/it-solutions-outsourcing/top-10-software-companies-south-africa.html]
[blog.bizvibe.com/blog/technology/important-martech-statistics/feed]
[blog.bizvibe.com/wp-content/uploads/2019/03/IR19.jpg]
[blog.bizvibe.com/blog/top-it-industry-trends.html]
[blog.bizvibe.com/blog/it-solutions-outsourcing/latest-technology-trends-information-technology.html]
[blog.bizvibe.com/blog/technology/important-martech-statistics.html]
[blog.bizvibe.com/wp-content/uploads/2019/03/Global-Higher-Education-Testing-and-Assessment-Market_T.jpg]
